// Jest Snapshot v1, https://goo.gl/fbAQLP

exports[`renders Menu correctly... 1`] = `
<GlobalStateProvider>
  <Menu>
    <Frame
      header="SNapp"
    >
      <div
        style={
          Object {
            "overflow": "hidden",
          }
        }
      >
        <div
          id="header"
          style={
            Object {
              "alignItems": "center",
              "backgroundColor": "#31B7D6",
              "fontSize": 45,
              "fontStyle": "normal",
              "fontWeight": "normal",
              "height": "80px",
              "left": "50%",
              "letterSpacing": "0.15em",
              "minWidth": "600px",
              "paddingTop": "8px",
              "position": "absolute",
              "textAlign": "center",
              "top": "0px",
              "transform": "translate(-50%,0px)",
            }
          }
        >
          SNapp
        </div>
        <div
          style={
            Object {
              "height": "calc(100% - 80px)",
              "overflow": "auto",
              "top": "80px",
            }
          }
        >
          <div
            style={
              Object {
                "display": "flex",
                "flexDirection": "column",
                "overflow": "hidden",
              }
            }
          >
            <div
              style={
                Object {
                  "flex": "1 0 auto",
                  "fontSize": "21px",
                  "height": "auto",
                  "left": "auto",
                  "marginLeft": "50%",
                  "position": "initial",
                  "textAlign": "center",
                  "top": "auto",
                  "transform": "translate(-50%,0px)",
                  "width": "70%",
                }
              }
            />
            <div
              style={
                Object {
                  "flex": "0 0 auto",
                  "fontSize": "21px",
                  "height": "auto",
                  "left": "auto",
                  "marginLeft": "50%",
                  "maxWidth": "720px",
                  "position": "initial",
                  "textAlign": "center",
                  "top": "auto",
                  "transform": "translate(-50%,0px)",
                  "width": "70%",
                }
              }
            >
              SNapp implements a simpler and more intuitive music notation so that musicians can spend less time learning music and more time playing it!
            </div>
            <div
              style={
                Object {
                  "flex": ".2 0 auto",
                  "fontSize": "21px",
                  "height": "auto",
                  "left": "auto",
                  "marginLeft": "50%",
                  "position": "initial",
                  "textAlign": "center",
                  "top": "auto",
                  "transform": "translate(-50%,0px)",
                  "width": "70%",
                }
              }
            />
            <div
              style={
                Object {
                  "flex": "0 0 auto",
                  "fontSize": "21px",
                  "height": "auto",
                  "left": "auto",
                  "marginLeft": "50%",
                  "position": "initial",
                  "textAlign": "center",
                  "top": "auto",
                  "transform": "translate(-50%,0px)",
                  "width": "70%",
                }
              }
            >
              Try uploading a MusicXML file below
            </div>
            <div
              style={
                Object {
                  "flex": ".35 0 auto",
                  "fontSize": "21px",
                  "height": "auto",
                  "left": "auto",
                  "marginLeft": "50%",
                  "position": "initial",
                  "textAlign": "center",
                  "top": "auto",
                  "transform": "translate(-50%,0px)",
                  "width": "70%",
                }
              }
            />
            <div
              style={
                Object {
                  "flex": "0 0 auto",
                  "fontSize": "21px",
                  "height": "auto",
                  "left": "auto",
                  "marginLeft": "50%",
                  "position": "initial",
                  "textAlign": "center",
                  "top": "auto",
                  "transform": "translate(-50%,0px)",
                  "width": "70%",
                }
              }
            >
              <span
                id="button-upload"
                onClick={[Function]}
                style={
                  Object {
                    "color": "#31B7D6",
                    "cursor": "pointer",
                    "fontSize": "28px",
                    "fontWeight": "bold",
                  }
                }
              >
                <img
                  alt=""
                  src="upload.svg"
                  style={
                    Object {
                      "display": "inline-flex",
                      "height": "1em",
                      "marginRight": ".25em",
                      "position": "relative",
                      "top": ".125em",
                      "width": "1em",
                    }
                  }
                />
                Upload MusicXML File
                <input
                  accept=".musicxml,.mxl"
                  onChange={[Function]}
                  style={
                    Object {
                      "cursor": "pointer",
                      "height": "100%",
                      "left": "calc(50% - 170px)",
                      "opacity": 0,
                      "position": "absolute",
                      "top": "0px",
                      "width": "340px",
                    }
                  }
                  title="Click to upload"
                  type="file"
                />
              </span>
            </div>
            <div
              style={
                Object {
                  "flex": "1 0 auto",
                  "fontSize": "21px",
                  "height": "auto",
                  "left": "auto",
                  "marginLeft": "50%",
                  "position": "initial",
                  "textAlign": "center",
                  "top": "auto",
                  "transform": "translate(-50%,0px)",
                  "width": "70%",
                }
              }
            />
          </div>
        </div>
        <div
          className="animated close"
          style={
            Object {
              "backgroundColor": "rgba(0,0,0,0.7)",
              "height": "calc(100% - 80px)",
              "left": "auto",
              "overflowX": "hidden",
              "overflowY": "scroll",
              "right": "0px",
              "top": "80px",
            }
          }
        />
      </div>
    </Frame>
  </Menu>
</GlobalStateProvider>
`;

exports[`renders convert page correctly ... 1`] = `
<GlobalStateProvider>
  <Convert>
    <Frame
      header="SNapp"
      showSideMenu={false}
      sideMenu={
        <div
          style={
            Object {
              "color": "white",
              "minWidth": "350px",
            }
          }
        >
          <div
            style={
              Object {
                "alignItems": "center",
                "backgroundColor": "#4c4c4c",
                "borderBottom": "1px solid #BBBBBB",
                "color": "#31B7D6",
                "display": "flex",
                "fontSize": "23px",
                "fontWeight": "bold",
                "height": "65px",
                "justifyContent": "center",
                "opacity": 1,
                "position": "sticky",
                "width": "auto",
                "zIndex": 1,
              }
            }
          >
            <div
              id="export"
              onClick={[Function]}
              style={
                Object {
                  "cursor": "pointer",
                  "height": "auto",
                  "position": "relative",
                  "textAlign": "center",
                  "whiteSpace": "nowrap",
                  "width": "33%",
                }
              }
              title="Click to export"
            >
              Export
            </div>
            <div
              id="import"
              style={
                Object {
                  "cursor": "pointer",
                  "height": "auto",
                  "position": "relative",
                  "textAlign": "center",
                  "whiteSpace": "nowrap",
                  "width": "33%",
                }
              }
            >
              Import
              <input
                accept=".snapp"
                onChange={[Function]}
                style={
                  Object {
                    "cursor": "pointer",
                    "height": "100%",
                    "left": "0px",
                    "opacity": 0,
                    "padding": "0px",
                    "position": "absolute",
                    "top": "0px",
                    "width": "100%",
                  }
                }
                title="Click to import"
                type="file"
              />
            </div>
            <div
              id="close"
              onClick={[Function]}
              style={
                Object {
                  "cursor": "pointer",
                  "height": "auto",
                  "position": "relative",
                  "textAlign": "center",
                  "whiteSpace": "nowrap",
                  "width": "33%",
                }
              }
            >
              Close X
            </div>
          </div>
          <form
            onSubmit={[Function]}
          >
            <label>
              <div
                style={
                  Object {
                    "marginTop": "40px",
                    "padding": "0 20px",
                    "position": "relative",
                    "zIndex": 0,
                  }
                }
              >
                <div
                  style={
                    Object {
                      "alignItems": "baseline",
                      "display": "flex",
                      "fontSize": "17px",
                      "height": "auto",
                      "justifyContent": "center",
                      "margin": "30px 0px",
                      "position": "relative",
                    }
                  }
                >
                  <div
                    style={
                      Object {
                        "position": "relative",
                        "width": "60%",
                      }
                    }
                  >
                    Note Duration Color
                  </div>
                  <select
                    onChange={[Function]}
                    style={
                      Object {
                        "WebkitAppearance": "none",
                        "backgroundColor": "rgba(255,255,255,0.6)",
                        "backgroundImage": "url(dropDown.svg)",
                        "backgroundPosition": "95% center",
                        "backgroundRepeat": "no-repeat",
                        "border": "none",
                        "borderRadius": "10px",
                        "fontSize": "17px",
                        "height": "40px",
                        "paddingLeft": "20px",
                        "position": "relative",
                        "textAlign": "center",
                        "width": "40%",
                      }
                    }
                    value="grey"
                  >
                    <option>
                      black
                    </option>
                    <option>
                      grey
                    </option>
                    <option>
                      red
                    </option>
                    <option>
                      orange
                    </option>
                    <option>
                      yellow
                    </option>
                    <option>
                      green
                    </option>
                    <option>
                      blue
                    </option>
                    <option>
                      purple
                    </option>
                  </select>
                </div>
                <div
                  style={
                    Object {
                      "alignItems": "baseline",
                      "display": "flex",
                      "fontSize": "17px",
                      "height": "auto",
                      "justifyContent": "center",
                      "margin": "30px 0px",
                      "position": "relative",
                    }
                  }
                >
                  <div
                    style={
                      Object {
                        "position": "relative",
                        "width": "60%",
                      }
                    }
                  >
                    Note Symbol Color
                  </div>
                  <select
                    onChange={[Function]}
                    style={
                      Object {
                        "WebkitAppearance": "none",
                        "backgroundColor": "rgba(255,255,255,0.6)",
                        "backgroundImage": "url(dropDown.svg)",
                        "backgroundPosition": "95% center",
                        "backgroundRepeat": "no-repeat",
                        "border": "none",
                        "borderRadius": "10px",
                        "fontSize": "17px",
                        "height": "40px",
                        "paddingLeft": "20px",
                        "position": "relative",
                        "textAlign": "center",
                        "width": "40%",
                      }
                    }
                    value="black"
                  >
                    <option>
                      black
                    </option>
                    <option>
                      grey
                    </option>
                    <option>
                      red
                    </option>
                    <option>
                      orange
                    </option>
                    <option>
                      yellow
                    </option>
                    <option>
                      green
                    </option>
                    <option>
                      blue
                    </option>
                    <option>
                      purple
                    </option>
                  </select>
                </div>
                <div
                  style={
                    Object {
                      "alignItems": "baseline",
                      "display": "flex",
                      "fontSize": "17px",
                      "height": "auto",
                      "justifyContent": "center",
                      "margin": "30px 0px",
                      "position": "relative",
                    }
                  }
                >
                  <div
                    style={
                      Object {
                        "position": "relative",
                        "width": "60%",
                      }
                    }
                  >
                    Staff Scale
                  </div>
                  <select
                    onChange={[Function]}
                    style={
                      Object {
                        "WebkitAppearance": "none",
                        "backgroundColor": "rgba(255,255,255,0.6)",
                        "backgroundImage": "url(dropDown.svg)",
                        "backgroundPosition": "95% center",
                        "backgroundRepeat": "no-repeat",
                        "border": "none",
                        "borderRadius": "10px",
                        "fontSize": "17px",
                        "height": "40px",
                        "paddingLeft": "20px",
                        "position": "relative",
                        "textAlign": "center",
                        "width": "40%",
                      }
                    }
                    value="medium"
                  >
                    <option>
                      small
                    </option>
                    <option>
                      medium
                    </option>
                    <option>
                      large
                    </option>
                  </select>
                </div>
                <div
                  style={
                    Object {
                      "alignItems": "baseline",
                      "display": "flex",
                      "fontSize": "17px",
                      "height": "auto",
                      "justifyContent": "center",
                      "margin": "30px 0px",
                      "position": "relative",
                    }
                  }
                >
                  <div
                    style={
                      Object {
                        "position": "relative",
                        "width": "60%",
                      }
                    }
                  >
                    Horizontal Spacing
                  </div>
                  <select
                    onChange={[Function]}
                    style={
                      Object {
                        "WebkitAppearance": "none",
                        "backgroundColor": "rgba(255,255,255,0.6)",
                        "backgroundImage": "url(dropDown.svg)",
                        "backgroundPosition": "95% center",
                        "backgroundRepeat": "no-repeat",
                        "border": "none",
                        "borderRadius": "10px",
                        "fontSize": "17px",
                        "height": "40px",
                        "paddingLeft": "20px",
                        "position": "relative",
                        "textAlign": "center",
                        "width": "40%",
                      }
                    }
                    value={2}
                  >
                    <option>
                      1
                    </option>
                    <option>
                      2
                    </option>
                    <option>
                      3
                    </option>
                    <option>
                      4
                    </option>
                  </select>
                </div>
                <div
                  style={
                    Object {
                      "alignItems": "baseline",
                      "display": "flex",
                      "fontSize": "17px",
                      "height": "auto",
                      "justifyContent": "center",
                      "margin": "30px 0px",
                      "position": "relative",
                    }
                  }
                >
                  <div
                    style={
                      Object {
                        "position": "relative",
                        "width": "60%",
                      }
                    }
                  >
                    Vertical Spacing
                  </div>
                  <select
                    onChange={[Function]}
                    style={
                      Object {
                        "WebkitAppearance": "none",
                        "backgroundColor": "rgba(255,255,255,0.6)",
                        "backgroundImage": "url(dropDown.svg)",
                        "backgroundPosition": "95% center",
                        "backgroundRepeat": "no-repeat",
                        "border": "none",
                        "borderRadius": "10px",
                        "fontSize": "17px",
                        "height": "40px",
                        "paddingLeft": "20px",
                        "position": "relative",
                        "textAlign": "center",
                        "width": "40%",
                      }
                    }
                    value={2}
                  >
                    <option>
                      1
                    </option>
                    <option>
                      2
                    </option>
                    <option>
                      3
                    </option>
                    <option>
                      4
                    </option>
                  </select>
                </div>
                <div
                  style={
                    Object {
                      "alignItems": "baseline",
                      "display": "flex",
                      "fontSize": "17px",
                      "height": "auto",
                      "justifyContent": "center",
                      "margin": "30px 0px",
                      "position": "relative",
                    }
                  }
                >
                  <div
                    style={
                      Object {
                        "position": "relative",
                        "width": "60%",
                      }
                    }
                  >
                    Note Scale
                  </div>
                  <select
                    onChange={[Function]}
                    style={
                      Object {
                        "WebkitAppearance": "none",
                        "backgroundColor": "rgba(255,255,255,0.6)",
                        "backgroundImage": "url(dropDown.svg)",
                        "backgroundPosition": "95% center",
                        "backgroundRepeat": "no-repeat",
                        "border": "none",
                        "borderRadius": "10px",
                        "fontSize": "17px",
                        "height": "40px",
                        "paddingLeft": "20px",
                        "position": "relative",
                        "textAlign": "center",
                        "width": "40%",
                      }
                    }
                    value="medium"
                  >
                    <option>
                      small
                    </option>
                    <option>
                      medium
                    </option>
                    <option>
                      large
                    </option>
                  </select>
                </div>
                <div
                  style={
                    Object {
                      "alignItems": "baseline",
                      "display": "flex",
                      "fontSize": "17px",
                      "height": "auto",
                      "justifyContent": "center",
                      "margin": "30px 0px",
                      "position": "relative",
                    }
                  }
                >
                  <div
                    style={
                      Object {
                        "position": "relative",
                        "width": "60%",
                      }
                    }
                  >
                    Natural Note Shape
                  </div>
                  <select
                    onChange={[Function]}
                    style={
                      Object {
                        "WebkitAppearance": "none",
                        "backgroundColor": "rgba(255,255,255,0.6)",
                        "backgroundImage": "url(dropDown.svg)",
                        "backgroundPosition": "95% center",
                        "backgroundRepeat": "no-repeat",
                        "border": "none",
                        "borderRadius": "10px",
                        "fontSize": "17px",
                        "height": "40px",
                        "paddingLeft": "20px",
                        "position": "relative",
                        "textAlign": "center",
                        "width": "40%",
                      }
                    }
                    value="●"
                  >
                    <option>
                      ▲
                    </option>
                    <option>
                      ▼
                    </option>
                    <option>
                      ●
                    </option>
                    <option>
                      ○
                    </option>
                    <option>
                      ⨂
                    </option>
                    <option>
                      ◼
                    </option>
                    <option>
                      □
                    </option>
                  </select>
                </div>
                <div
                  style={
                    Object {
                      "alignItems": "baseline",
                      "display": "flex",
                      "fontSize": "17px",
                      "height": "auto",
                      "justifyContent": "center",
                      "margin": "30px 0px",
                      "position": "relative",
                    }
                  }
                >
                  <div
                    style={
                      Object {
                        "position": "relative",
                        "width": "60%",
                      }
                    }
                  >
                    Sharp Note Shape
                  </div>
                  <select
                    onChange={[Function]}
                    style={
                      Object {
                        "WebkitAppearance": "none",
                        "backgroundColor": "rgba(255,255,255,0.6)",
                        "backgroundImage": "url(dropDown.svg)",
                        "backgroundPosition": "95% center",
                        "backgroundRepeat": "no-repeat",
                        "border": "none",
                        "borderRadius": "10px",
                        "fontSize": "17px",
                        "height": "40px",
                        "paddingLeft": "20px",
                        "position": "relative",
                        "textAlign": "center",
                        "width": "40%",
                      }
                    }
                    value="▲"
                  >
                    <option>
                      ▲
                    </option>
                    <option>
                      ▼
                    </option>
                    <option>
                      ●
                    </option>
                    <option>
                      ○
                    </option>
                    <option>
                      ⨂
                    </option>
                    <option>
                      ◼
                    </option>
                    <option>
                      □
                    </option>
                  </select>
                </div>
                <div
                  style={
                    Object {
                      "alignItems": "baseline",
                      "display": "flex",
                      "fontSize": "17px",
                      "height": "auto",
                      "justifyContent": "center",
                      "margin": "30px 0px",
                      "position": "relative",
                    }
                  }
                >
                  <div
                    style={
                      Object {
                        "position": "relative",
                        "width": "60%",
                      }
                    }
                  >
                    Flat Note Shape
                  </div>
                  <select
                    onChange={[Function]}
                    style={
                      Object {
                        "WebkitAppearance": "none",
                        "backgroundColor": "rgba(255,255,255,0.6)",
                        "backgroundImage": "url(dropDown.svg)",
                        "backgroundPosition": "95% center",
                        "backgroundRepeat": "no-repeat",
                        "border": "none",
                        "borderRadius": "10px",
                        "fontSize": "17px",
                        "height": "40px",
                        "paddingLeft": "20px",
                        "position": "relative",
                        "textAlign": "center",
                        "width": "40%",
                      }
                    }
                    value="▼"
                  >
                    <option>
                      ▲
                    </option>
                    <option>
                      ▼
                    </option>
                    <option>
                      ●
                    </option>
                    <option>
                      ○
                    </option>
                    <option>
                      ⨂
                    </option>
                    <option>
                      ◼
                    </option>
                    <option>
                      □
                    </option>
                  </select>
                </div>
                <div
                  style={
                    Object {
                      "alignItems": "baseline",
                      "display": "flex",
                      "fontSize": "17px",
                      "height": "auto",
                      "justifyContent": "center",
                      "margin": "30px 0px",
                      "position": "relative",
                    }
                  }
                >
                  <div
                    style={
                      Object {
                        "position": "relative",
                        "width": "60%",
                      }
                    }
                  >
                    Measures per Row
                  </div>
                  <select
                    onChange={[Function]}
                    style={
                      Object {
                        "WebkitAppearance": "none",
                        "backgroundColor": "rgba(255,255,255,0.6)",
                        "backgroundImage": "url(dropDown.svg)",
                        "backgroundPosition": "95% center",
                        "backgroundRepeat": "no-repeat",
                        "border": "none",
                        "borderRadius": "10px",
                        "fontSize": "17px",
                        "height": "40px",
                        "paddingLeft": "20px",
                        "position": "relative",
                        "textAlign": "center",
                        "width": "40%",
                      }
                    }
                    value={4}
                  >
                    <option>
                      1
                    </option>
                    <option>
                      2
                    </option>
                    <option>
                      3
                    </option>
                    <option>
                      4
                    </option>
                    <option>
                      5
                    </option>
                    <option>
                      6
                    </option>
                    <option>
                      7
                    </option>
                  </select>
                </div>
              </div>
            </label>
          </form>
        </div>
      }
    >
      <div
        style={
          Object {
            "overflow": "hidden",
          }
        }
      >
        <div
          id="header"
          style={
            Object {
              "alignItems": "center",
              "backgroundColor": "#31B7D6",
              "fontSize": 45,
              "fontStyle": "normal",
              "fontWeight": "normal",
              "height": "80px",
              "left": "50%",
              "letterSpacing": "0.15em",
              "minWidth": "600px",
              "paddingTop": "8px",
              "position": "absolute",
              "textAlign": "center",
              "top": "0px",
              "transform": "translate(-50%,0px)",
            }
          }
        >
          SNapp
        </div>
        <div
          style={
            Object {
              "height": "calc(100% - 80px)",
              "overflow": "auto",
              "top": "80px",
            }
          }
        >
          <div
            style={
              Object {
                "height": "65px",
              }
            }
          >
            <div
              id="home"
              onClick={[Function]}
              style={
                Object {
                  "alignItems": "center",
                  "color": "#31B7D6",
                  "cursor": "pointer",
                  "display": "flex",
                  "float": "left",
                  "fontSize": "23px",
                  "fontWeight": "bold",
                  "height": "auto",
                  "marginLeft": "25px",
                  "marginTop": "15px",
                  "position": "relative",
                  "width": "auto",
                }
              }
            >
              <svg
                fill="none"
                height="24"
                stroke="currentColor"
                strokeLinecap="round"
                strokeLinejoin="round"
                strokeWidth="2.5"
                style={
                  Object {
                    "marginRight": "7px",
                  }
                }
                viewBox="0 0 24 24"
                width="24"
                xmlns="http://www.w3.org/2000/svg"
              >
                <path
                  d="M3 9l9-7 9 7v11a2 2 0 0 1-2 2H5a2 2 0 0 1-2-2z"
                />
                <polyline
                  points="9 22 9 12 15 12 15 22"
                />
              </svg>
              Home
            </div>
            <div
              onClick={[Function]}
              style={
                Object {
                  "alignItems": "center",
                  "color": "#31B7D6",
                  "cursor": "pointer",
                  "display": "flex",
                  "float": "left",
                  "fontSize": "23px",
                  "fontWeight": "bold",
                  "height": "auto",
                  "marginLeft": "25px",
                  "marginTop": "15px",
                  "position": "relative",
                  "width": "auto",
                }
              }
            >
              <svg
                fill="none"
                height="24"
                padding-right="5px"
                stroke="currentColor"
                strokeLinecap="round"
                strokeLinejoin="round"
                strokeWidth="2.5"
                style={
                  Object {
                    "marginRight": "7px",
                  }
                }
                viewBox="0 0 24 24"
                width="24"
                xmlns="http://www.w3.org/2000/svg"
              >
                <path
                  d="M13 2H6a2 2 0 0 0-2 2v16a2 2 0 0 0 2 2h12a2 2 0 0 0 2-2V9z"
                />
                <polyline
                  points="13 2 13 9 20 9"
                />
              </svg>
              Save as PDF
            </div>
            <div
              id="preference"
              onClick={[Function]}
              style={
                Object {
                  "alignItems": "center",
                  "color": "#31B7D6",
                  "cursor": "pointer",
                  "display": "flex",
                  "float": "right",
                  "fontSize": "23px",
                  "fontWeight": "bold",
                  "height": "auto",
                  "marginRight": "25px",
                  "marginTop": "15px",
                  "position": "relative",
                  "width": "auto",
                }
              }
            >
              <svg
                fill="none"
                height="24"
                stroke="currentColor"
                strokeLinecap="round"
                strokeLinejoin="round"
                strokeWidth="2.5"
                style={
                  Object {
                    "marginRight": "7px",
                  }
                }
                viewBox="0 0 24 24"
                width="24"
                xmlns="http://www.w3.org/2000/svg"
              >
                <circle
                  cx="12"
                  cy="12"
                  r="3"
                />
                <path
                  d="M19.4 15a1.65 1.65 0 0 0 .33 1.82l.06.06a2 2 0 0 1 0 2.83 2 2 0 0 1-2.83 0l-.06-.06a1.65 1.65 0 0 0-1.82-.33 1.65 1.65 0 0 0-1 1.51V21a2 2 0 0 1-2 2 2 2 0 0 1-2-2v-.09A1.65 1.65 0 0 0 9 19.4a1.65 1.65 0 0 0-1.82.33l-.06.06a2 2 0 0 1-2.83 0 2 2 0 0 1 0-2.83l.06-.06a1.65 1.65 0 0 0 .33-1.82 1.65 1.65 0 0 0-1.51-1H3a2 2 0 0 1-2-2 2 2 0 0 1 2-2h.09A1.65 1.65 0 0 0 4.6 9a1.65 1.65 0 0 0-.33-1.82l-.06-.06a2 2 0 0 1 0-2.83 2 2 0 0 1 2.83 0l.06.06a1.65 1.65 0 0 0 1.82.33H9a1.65 1.65 0 0 0 1-1.51V3a2 2 0 0 1 2-2 2 2 0 0 1 2 2v.09a1.65 1.65 0 0 0 1 1.51 1.65 1.65 0 0 0 1.82-.33l.06-.06a2 2 0 0 1 2.83 0 2 2 0 0 1 0 2.83l-.06.06a1.65 1.65 0 0 0-.33 1.82V9a1.65 1.65 0 0 0 1.51 1H21a2 2 0 0 1 2 2 2 2 0 0 1-2 2h-.09a1.65 1.65 0 0 0-1.51 1z"
                />
              </svg>
              Preferences
            </div>
          </div>
          <div
            style={
              Object {
                "height": "auto",
                "top": "65px",
              }
            }
          />
          <div
            id="hidden-pdf-generation"
            style={
              Object {
                "height": "0px",
                "opacity": 0.01,
                "overflow": "hidden",
                "width": "0px",
              }
            }
          >
            <canvas
              className="canvas"
              height={1000}
              width={1000}
            />
          </div>
        </div>
        <div
          className="animated close"
          style={
            Object {
              "backgroundColor": "rgba(0,0,0,0.7)",
              "height": "calc(100% - 80px)",
              "left": "auto",
              "overflowX": "hidden",
              "overflowY": "scroll",
              "right": "0px",
              "top": "80px",
            }
          }
        >
          <div
            style={
              Object {
                "color": "white",
                "minWidth": "350px",
              }
            }
          >
            <div
              style={
                Object {
                  "alignItems": "center",
                  "backgroundColor": "#4c4c4c",
                  "borderBottom": "1px solid #BBBBBB",
                  "color": "#31B7D6",
                  "display": "flex",
                  "fontSize": "23px",
                  "fontWeight": "bold",
                  "height": "65px",
                  "justifyContent": "center",
                  "opacity": 1,
                  "position": "sticky",
                  "width": "auto",
                  "zIndex": 1,
                }
              }
            >
              <div
                id="export"
                onClick={[Function]}
                style={
                  Object {
                    "cursor": "pointer",
                    "height": "auto",
                    "position": "relative",
                    "textAlign": "center",
                    "whiteSpace": "nowrap",
                    "width": "33%",
                  }
                }
                title="Click to export"
              >
                Export
              </div>
              <div
                id="import"
                style={
                  Object {
                    "cursor": "pointer",
                    "height": "auto",
                    "position": "relative",
                    "textAlign": "center",
                    "whiteSpace": "nowrap",
                    "width": "33%",
                  }
                }
              >
                Import
                <input
                  accept=".snapp"
                  onChange={[Function]}
                  style={
                    Object {
                      "cursor": "pointer",
                      "height": "100%",
                      "left": "0px",
                      "opacity": 0,
                      "padding": "0px",
                      "position": "absolute",
                      "top": "0px",
                      "width": "100%",
                    }
                  }
                  title="Click to import"
                  type="file"
                />
              </div>
              <div
                id="close"
                onClick={[Function]}
                style={
                  Object {
                    "cursor": "pointer",
                    "height": "auto",
                    "position": "relative",
                    "textAlign": "center",
                    "whiteSpace": "nowrap",
                    "width": "33%",
                  }
                }
              >
                Close X
              </div>
            </div>
            <form
              onSubmit={[Function]}
            >
              <label>
                <div
                  style={
                    Object {
                      "marginTop": "40px",
                      "padding": "0 20px",
                      "position": "relative",
                      "zIndex": 0,
                    }
                  }
                >
                  <div
                    style={
                      Object {
                        "alignItems": "baseline",
                        "display": "flex",
                        "fontSize": "17px",
                        "height": "auto",
                        "justifyContent": "center",
                        "margin": "30px 0px",
                        "position": "relative",
                      }
                    }
                  >
                    <div
                      style={
                        Object {
                          "position": "relative",
                          "width": "60%",
                        }
                      }
                    >
                      Note Duration Color
                    </div>
                    <select
                      onChange={[Function]}
                      style={
                        Object {
                          "WebkitAppearance": "none",
                          "backgroundColor": "rgba(255,255,255,0.6)",
                          "backgroundImage": "url(dropDown.svg)",
                          "backgroundPosition": "95% center",
                          "backgroundRepeat": "no-repeat",
                          "border": "none",
                          "borderRadius": "10px",
                          "fontSize": "17px",
                          "height": "40px",
                          "paddingLeft": "20px",
                          "position": "relative",
                          "textAlign": "center",
                          "width": "40%",
                        }
                      }
                      value="grey"
                    >
                      <option
                        key="black"
                      >
                        black
                      </option>
                      <option
                        key="grey"
                      >
                        grey
                      </option>
                      <option
                        key="red"
                      >
                        red
                      </option>
                      <option
                        key="orange"
                      >
                        orange
                      </option>
                      <option
                        key="yellow"
                      >
                        yellow
                      </option>
                      <option
                        key="green"
                      >
                        green
                      </option>
                      <option
                        key="blue"
                      >
                        blue
                      </option>
                      <option
                        key="purple"
                      >
                        purple
                      </option>
                    </select>
                  </div>
                  <div
                    style={
                      Object {
                        "alignItems": "baseline",
                        "display": "flex",
                        "fontSize": "17px",
                        "height": "auto",
                        "justifyContent": "center",
                        "margin": "30px 0px",
                        "position": "relative",
                      }
                    }
                  >
                    <div
                      style={
                        Object {
                          "position": "relative",
                          "width": "60%",
                        }
                      }
                    >
                      Note Symbol Color
                    </div>
                    <select
                      onChange={[Function]}
                      style={
                        Object {
                          "WebkitAppearance": "none",
                          "backgroundColor": "rgba(255,255,255,0.6)",
                          "backgroundImage": "url(dropDown.svg)",
                          "backgroundPosition": "95% center",
                          "backgroundRepeat": "no-repeat",
                          "border": "none",
                          "borderRadius": "10px",
                          "fontSize": "17px",
                          "height": "40px",
                          "paddingLeft": "20px",
                          "position": "relative",
                          "textAlign": "center",
                          "width": "40%",
                        }
                      }
                      value="black"
                    >
                      <option
                        key="black"
                      >
                        black
                      </option>
                      <option
                        key="grey"
                      >
                        grey
                      </option>
                      <option
                        key="red"
                      >
                        red
                      </option>
                      <option
                        key="orange"
                      >
                        orange
                      </option>
                      <option
                        key="yellow"
                      >
                        yellow
                      </option>
                      <option
                        key="green"
                      >
                        green
                      </option>
                      <option
                        key="blue"
                      >
                        blue
                      </option>
                      <option
                        key="purple"
                      >
                        purple
                      </option>
                    </select>
                  </div>
                  <div
                    style={
                      Object {
                        "alignItems": "baseline",
                        "display": "flex",
                        "fontSize": "17px",
                        "height": "auto",
                        "justifyContent": "center",
                        "margin": "30px 0px",
                        "position": "relative",
                      }
                    }
                  >
                    <div
                      style={
                        Object {
                          "position": "relative",
                          "width": "60%",
                        }
                      }
                    >
                      Staff Scale
                    </div>
                    <select
                      onChange={[Function]}
                      style={
                        Object {
                          "WebkitAppearance": "none",
                          "backgroundColor": "rgba(255,255,255,0.6)",
                          "backgroundImage": "url(dropDown.svg)",
                          "backgroundPosition": "95% center",
                          "backgroundRepeat": "no-repeat",
                          "border": "none",
                          "borderRadius": "10px",
                          "fontSize": "17px",
                          "height": "40px",
                          "paddingLeft": "20px",
                          "position": "relative",
                          "textAlign": "center",
                          "width": "40%",
                        }
                      }
                      value="medium"
                    >
                      <option
                        key="small"
                      >
                        small
                      </option>
                      <option
                        key="medium"
                      >
                        medium
                      </option>
                      <option
                        key="large"
                      >
                        large
                      </option>
                    </select>
                  </div>
                  <div
                    style={
                      Object {
                        "alignItems": "baseline",
                        "display": "flex",
                        "fontSize": "17px",
                        "height": "auto",
                        "justifyContent": "center",
                        "margin": "30px 0px",
                        "position": "relative",
                      }
                    }
                  >
                    <div
                      style={
                        Object {
                          "position": "relative",
                          "width": "60%",
                        }
                      }
                    >
                      Horizontal Spacing
                    </div>
                    <select
                      onChange={[Function]}
                      style={
                        Object {
                          "WebkitAppearance": "none",
                          "backgroundColor": "rgba(255,255,255,0.6)",
                          "backgroundImage": "url(dropDown.svg)",
                          "backgroundPosition": "95% center",
                          "backgroundRepeat": "no-repeat",
                          "border": "none",
                          "borderRadius": "10px",
                          "fontSize": "17px",
                          "height": "40px",
                          "paddingLeft": "20px",
                          "position": "relative",
                          "textAlign": "center",
                          "width": "40%",
                        }
                      }
                      value={2}
                    >
                      <option
                        key="1"
                      >
                        1
                      </option>
                      <option
                        key="2"
                      >
                        2
                      </option>
                      <option
                        key="3"
                      >
                        3
                      </option>
                      <option
                        key="4"
                      >
                        4
                      </option>
                    </select>
                  </div>
                  <div
                    style={
                      Object {
                        "alignItems": "baseline",
                        "display": "flex",
                        "fontSize": "17px",
                        "height": "auto",
                        "justifyContent": "center",
                        "margin": "30px 0px",
                        "position": "relative",
                      }
                    }
                  >
                    <div
                      style={
                        Object {
                          "position": "relative",
                          "width": "60%",
                        }
                      }
                    >
                      Vertical Spacing
                    </div>
                    <select
                      onChange={[Function]}
                      style={
                        Object {
                          "WebkitAppearance": "none",
                          "backgroundColor": "rgba(255,255,255,0.6)",
                          "backgroundImage": "url(dropDown.svg)",
                          "backgroundPosition": "95% center",
                          "backgroundRepeat": "no-repeat",
                          "border": "none",
                          "borderRadius": "10px",
                          "fontSize": "17px",
                          "height": "40px",
                          "paddingLeft": "20px",
                          "position": "relative",
                          "textAlign": "center",
                          "width": "40%",
                        }
                      }
                      value={2}
                    >
                      <option
                        key="1"
                      >
                        1
                      </option>
                      <option
                        key="2"
                      >
                        2
                      </option>
                      <option
                        key="3"
                      >
                        3
                      </option>
                      <option
                        key="4"
                      >
                        4
                      </option>
                    </select>
                  </div>
                  <div
                    style={
                      Object {
                        "alignItems": "baseline",
                        "display": "flex",
                        "fontSize": "17px",
                        "height": "auto",
                        "justifyContent": "center",
                        "margin": "30px 0px",
                        "position": "relative",
                      }
                    }
                  >
                    <div
                      style={
                        Object {
                          "position": "relative",
                          "width": "60%",
                        }
                      }
                    >
                      Note Scale
                    </div>
                    <select
                      onChange={[Function]}
                      style={
                        Object {
                          "WebkitAppearance": "none",
                          "backgroundColor": "rgba(255,255,255,0.6)",
                          "backgroundImage": "url(dropDown.svg)",
                          "backgroundPosition": "95% center",
                          "backgroundRepeat": "no-repeat",
                          "border": "none",
                          "borderRadius": "10px",
                          "fontSize": "17px",
                          "height": "40px",
                          "paddingLeft": "20px",
                          "position": "relative",
                          "textAlign": "center",
                          "width": "40%",
                        }
                      }
                      value="medium"
                    >
                      <option
                        key="small"
                      >
                        small
                      </option>
                      <option
                        key="medium"
                      >
                        medium
                      </option>
                      <option
                        key="large"
                      >
                        large
                      </option>
                    </select>
                  </div>
                  <div
                    style={
                      Object {
                        "alignItems": "baseline",
                        "display": "flex",
                        "fontSize": "17px",
                        "height": "auto",
                        "justifyContent": "center",
                        "margin": "30px 0px",
                        "position": "relative",
                      }
                    }
                  >
                    <div
                      style={
                        Object {
                          "position": "relative",
                          "width": "60%",
                        }
                      }
                    >
                      Natural Note Shape
                    </div>
                    <select
                      onChange={[Function]}
                      style={
                        Object {
                          "WebkitAppearance": "none",
                          "backgroundColor": "rgba(255,255,255,0.6)",
                          "backgroundImage": "url(dropDown.svg)",
                          "backgroundPosition": "95% center",
                          "backgroundRepeat": "no-repeat",
                          "border": "none",
                          "borderRadius": "10px",
                          "fontSize": "17px",
                          "height": "40px",
                          "paddingLeft": "20px",
                          "position": "relative",
                          "textAlign": "center",
                          "width": "40%",
                        }
                      }
                      value="●"
                    >
                      <option
                        key="▲"
                      >
                        ▲
                      </option>
                      <option
                        key="▼"
                      >
                        ▼
                      </option>
                      <option
                        key="●"
                      >
                        ●
                      </option>
                      <option
                        key="○"
                      >
                        ○
                      </option>
                      <option
                        key="⨂"
                      >
                        ⨂
                      </option>
                      <option
                        key="◼"
                      >
                        ◼
                      </option>
                      <option
                        key="□"
                      >
                        □
                      </option>
                    </select>
                  </div>
                  <div
                    style={
                      Object {
                        "alignItems": "baseline",
                        "display": "flex",
                        "fontSize": "17px",
                        "height": "auto",
                        "justifyContent": "center",
                        "margin": "30px 0px",
                        "position": "relative",
                      }
                    }
                  >
                    <div
                      style={
                        Object {
                          "position": "relative",
                          "width": "60%",
                        }
                      }
                    >
                      Sharp Note Shape
                    </div>
                    <select
                      onChange={[Function]}
                      style={
                        Object {
                          "WebkitAppearance": "none",
                          "backgroundColor": "rgba(255,255,255,0.6)",
                          "backgroundImage": "url(dropDown.svg)",
                          "backgroundPosition": "95% center",
                          "backgroundRepeat": "no-repeat",
                          "border": "none",
                          "borderRadius": "10px",
                          "fontSize": "17px",
                          "height": "40px",
                          "paddingLeft": "20px",
                          "position": "relative",
                          "textAlign": "center",
                          "width": "40%",
                        }
                      }
                      value="▲"
                    >
                      <option
                        key="▲"
                      >
                        ▲
                      </option>
                      <option
                        key="▼"
                      >
                        ▼
                      </option>
                      <option
                        key="●"
                      >
                        ●
                      </option>
                      <option
                        key="○"
                      >
                        ○
                      </option>
                      <option
                        key="⨂"
                      >
                        ⨂
                      </option>
                      <option
                        key="◼"
                      >
                        ◼
                      </option>
                      <option
                        key="□"
                      >
                        □
                      </option>
                    </select>
                  </div>
                  <div
                    style={
                      Object {
                        "alignItems": "baseline",
                        "display": "flex",
                        "fontSize": "17px",
                        "height": "auto",
                        "justifyContent": "center",
                        "margin": "30px 0px",
                        "position": "relative",
                      }
                    }
                  >
                    <div
                      style={
                        Object {
                          "position": "relative",
                          "width": "60%",
                        }
                      }
                    >
                      Flat Note Shape
                    </div>
                    <select
                      onChange={[Function]}
                      style={
                        Object {
                          "WebkitAppearance": "none",
                          "backgroundColor": "rgba(255,255,255,0.6)",
                          "backgroundImage": "url(dropDown.svg)",
                          "backgroundPosition": "95% center",
                          "backgroundRepeat": "no-repeat",
                          "border": "none",
                          "borderRadius": "10px",
                          "fontSize": "17px",
                          "height": "40px",
                          "paddingLeft": "20px",
                          "position": "relative",
                          "textAlign": "center",
                          "width": "40%",
                        }
                      }
                      value="▼"
                    >
                      <option
                        key="▲"
                      >
                        ▲
                      </option>
                      <option
                        key="▼"
                      >
                        ▼
                      </option>
                      <option
                        key="●"
                      >
                        ●
                      </option>
                      <option
                        key="○"
                      >
                        ○
                      </option>
                      <option
                        key="⨂"
                      >
                        ⨂
                      </option>
                      <option
                        key="◼"
                      >
                        ◼
                      </option>
                      <option
                        key="□"
                      >
                        □
                      </option>
                    </select>
                  </div>
                  <div
                    style={
                      Object {
                        "alignItems": "baseline",
                        "display": "flex",
                        "fontSize": "17px",
                        "height": "auto",
                        "justifyContent": "center",
                        "margin": "30px 0px",
                        "position": "relative",
                      }
                    }
                  >
                    <div
                      style={
                        Object {
                          "position": "relative",
                          "width": "60%",
                        }
                      }
                    >
                      Measures per Row
                    </div>
                    <select
                      onChange={[Function]}
                      style={
                        Object {
                          "WebkitAppearance": "none",
                          "backgroundColor": "rgba(255,255,255,0.6)",
                          "backgroundImage": "url(dropDown.svg)",
                          "backgroundPosition": "95% center",
                          "backgroundRepeat": "no-repeat",
                          "border": "none",
                          "borderRadius": "10px",
                          "fontSize": "17px",
                          "height": "40px",
                          "paddingLeft": "20px",
                          "position": "relative",
                          "textAlign": "center",
                          "width": "40%",
                        }
                      }
                      value={4}
                    >
                      <option
                        key="1"
                      >
                        1
                      </option>
                      <option
                        key="2"
                      >
                        2
                      </option>
                      <option
                        key="3"
                      >
                        3
                      </option>
                      <option
                        key="4"
                      >
                        4
                      </option>
                      <option
                        key="5"
                      >
                        5
                      </option>
                      <option
                        key="6"
                      >
                        6
                      </option>
                      <option
                        key="7"
                      >
                        7
                      </option>
                    </select>
                  </div>
                </div>
              </label>
            </form>
          </div>
        </div>
      </div>
    </Frame>
  </Convert>
</GlobalStateProvider>
`;
