// Jest Snapshot v1, https://goo.gl/fbAQLP

exports[`renders PreferencesStateProvider and Router correctly 1`] = `
<ContextProvider
  value={
    Array [
      Object {
        "flatNoteShape": "▼",
        "horizontalSpacing": 2,
        "measuresPerRow": 4,
        "naturalNoteShape": "●",
        "noteDurationColor": "grey",
        "noteScale": "medium",
        "noteSymbolColor": "black",
        "sharpNoteShape": "▲",
        "staffScale": "medium",
        "verticalSpacing": 2,
      },
      [Function],
    ]
  }
/>
`;

exports[`renders not found page correctly  1`] = `
<div
  style={
    Object {
      "fontSize": "22px",
      "height": "auto",
      "textAlign": "center",
      "top": "50%",
      "transform": "translate(0px,-50px)",
    }
  }
>
  That page could not be found
</div>
`;
